// Jest Snapshot v1, https://goo.gl/fbAQLP

exports[`render maeve input 1`] = `
<div
  className="maeve-input"
>
  <label />
  <input
    onChange={[Function]}
    onFocus={[Function]}
    type="text"
    value=""
  />
</div>
`;
