exports[`test render maeve input 1`] = `
<styled.div>
  <styled.ul />
</styled.div>
`;
