exports[`test render  1`] = `
<div
  className="maeve-toggle">
  <label />
  <input
    className="toggle-input"
    type="checkbox" />
  <label>
    <span
      className="label-inner" />
    <span
      className="label-switch" />
  </label>
</div>
`;
