exports[`test render maeve multi 1`] = `
<div
  className="maeve-multi">
  <div
    className="maeve-multi-item">
    Hi
    <div
      className="remove-button"
      onClick={[Function]}>
       - 
    </div>
  </div>
  <div
    className="add-button"
    onClick={[Function]}>
     + 
  </div>
</div>
`;
